GLPSOL: GLPK LP/MIP Solver, v4.65
Parameter(s) specified in the command line:
 --math swim2.gmpl --ranges /dev/null --output /dev/null --log test.log
Reading model section from swim2.gmpl...
Reading data section from swim2.gmpl...
154 lines were read
Generating z...
Generating max_courses...
Generating every_course...
Generating every_lap_by_another...
Model has been successfully generated
GLPK Integer Optimizer, v4.65
34 rows, 40 columns, 160 non-zeros
40 integer variables, all of which are binary
Preprocessing...
33 rows, 40 columns, 120 non-zeros
40 integer variables, all of which are binary
Scaling...
 A: min|aij| =  1.000e+00  max|aij| =  1.000e+00  ratio =  1.000e+00
Problem data seem to be well scaled
Constructing initial basis...
Size of triangular part is 33
Solving LP relaxation...
GLPK Simplex Optimizer, v4.65
33 rows, 40 columns, 120 non-zeros
      0: obj =   2.040000000e+02 inf =   7.000e+00 (5)
      4: obj =   2.130000000e+02 inf =   0.000e+00 (0)
*    19: obj =   1.920000000e+02 inf =   0.000e+00 (0)
OPTIMAL LP SOLUTION FOUND
Integer optimization begins...
Long-step dual simplex will be used
+    19: mip =     not found yet >=              -inf        (1; 0)
+    19: >>>>>   1.920000000e+02 >=   1.920000000e+02   0.0% (1; 0)
+    19: mip =   1.920000000e+02 >=     tree is empty   0.0% (0; 1)
INTEGER OPTIMAL SOLUTION FOUND
Time used:   0.0 secs
Memory used: 0.2 Mb (218489 bytes)

P\L.C ║ 1.1  │ 1.2  │ 1.3  │ 1.4  ║ 2.1  │ 2.2  │ 2.3  │ 2.4  ║ Sum
------+------+------+------+------+------+------+------+------+----
P1    ║  15  │  25  │  35  │ [36] ║  15  │  25  │  35  │  36  ║  36
P2    ║  20  │  25  │ [27]*│  38  ║  20  │  25  │  27 *│  38  ║  27
P3    ║  12  │ [20]*│  30  │  40  ║  12  │  20 *│  30  │  40  ║  20
P4    ║ [10]*│  30  │  32  │  35 *║  10 *│  30  │  32  │ [35]*║  45
P5    ║  12  │  22  │  30  │  38  ║ [12] │ [22] │ [30] │  38  ║  64
===================================================================
  Sum ║  10  │  20  │  27  │  36  ║  12  │  22  │  30  │  35  ║ 192
 
Legend:
[#] selected time
  * best time per course
Model has been successfully processed
Writing MIP solution to '/dev/null'...
Cannot produce sensitivity analysis report for interior-point or MIP solution
